<?xml version="1.0" encoding="UTF-8" standalone="no"?>
<!-- PYCSW_VERSION -->
<csw:GetRecordsResponse xmlns:csw="http://www.opengis.net/cat/csw/2.0.2" xmlns:dc="http://purl.org/dc/elements/1.1/" xmlns:dct="http://purl.org/dc/terms/" xmlns:gmd="http://www.isotc211.org/2005/gmd" xmlns:gml="http://www.opengis.net/gml" xmlns:ows="http://www.opengis.net/ows" xmlns:xs="http://www.w3.org/2001/XMLSchema" xmlns:xsi="http://www.w3.org/2001/XMLSchema-instance" version="2.0.2" xsi:schemaLocation="http://www.opengis.net/cat/csw/2.0.2 http://schemas.opengis.net/csw/2.0.2/CSW-discovery.xsd"><csw:SearchStatus timestamp="PYCSW_TIMESTAMP"/><csw:SearchResults nextRecord="2" numberOfRecordsMatched="2" numberOfRecordsReturned="1" recordSchema="http://www.opengis.net/cat/csw/2.0.2" elementSet="brief"><csw:BriefRecord><dc:identifier>10.5072.2</dc:identifier><dc:title>Second Full DataCite XML Example</dc:title><dc:type>service</dc:type><ows:BoundingBox crs="urn:x-ogc:def:crs:EPSG:6.11:4326" dimensions="2"><ows:LowerCorner>18.45 -34.15</ows:LowerCorner><ows:UpperCorner>18.5 -34.055</ows:UpperCorner></ows:BoundingBox></csw:BriefRecord></csw:SearchResults></csw:GetRecordsResponse>
