<?xml version="1.0" encoding="UTF-8" standalone="no"?>
<!-- PYCSW_VERSION -->
<csw:GetRecordsResponse xmlns:csw="http://www.opengis.net/cat/csw/2.0.2" xmlns:dc="http://purl.org/dc/elements/1.1/" xmlns:dct="http://purl.org/dc/terms/" xmlns:gmd="http://www.isotc211.org/2005/gmd" xmlns:gml="http://www.opengis.net/gml" xmlns:ows="http://www.opengis.net/ows" xmlns:xs="http://www.w3.org/2001/XMLSchema" xmlns:xsi="http://www.w3.org/2001/XMLSchema-instance" version="2.0.2" xsi:schemaLocation="http://www.opengis.net/cat/csw/2.0.2 http://schemas.opengis.net/csw/2.0.2/CSW-discovery.xsd"><csw:SearchStatus timestamp="PYCSW_TIMESTAMP"/><csw:SearchResults nextRecord="0" numberOfRecordsMatched="2" numberOfRecordsReturned="2" recordSchema="http://www.opengis.net/cat/csw/2.0.2" elementSet="full"><csw:Record><dc:identifier>12345/ABC</dc:identifier><dc:title>Soil Organic Carbon Unperturbed (gC/sq.m)</dc:title><dc:type>on</dc:type><dc:subject>SOC</dc:subject><dct:abstract>Soil Organic Carbon (SOC) represents all the organic carbon in the soil to a depth of 1m. SOC is derived from the data provided by the Africa Soil Information System (AfSIS). In this case the organic carbon of the top 300mm of the natural soil was NOT reduced by land cover factors.

Units: average gC/m2 within 1km x 1km pixel</dct:abstract><dc:date>2017-02-03</dc:date><dc:creator>Prof J Soap</dc:creator><dc:publisher>UCT</dc:publisher></csw:Record><csw:Record><dc:identifier>12345/XYZ</dc:identifier><dc:title>Soil Organic Carbon Unperturbed (gC/sq.m)</dc:title><dc:type>on</dc:type><dc:subject>SOC</dc:subject><dc:subject>Computer Software</dc:subject><dc:subject>COS</dc:subject><dct:abstract>Soil Organic Carbon (SOC) represents all the organic carbon in the soil to a depth of 1m. SOC is derived from the data provided by the Africa Soil Information System (AfSIS). In this case the organic carbon of the top 300mm of the natural soil was NOT reduced by land cover factors.

Units: average gC/m2 within 1km x 1km pixel</dct:abstract><dc:date>2017</dc:date><dc:creator>Prof J Soap</dc:creator><dc:publisher>University Of Cape Town</dc:publisher></csw:Record></csw:SearchResults></csw:GetRecordsResponse>
